
------------------------------------------------------------
Sender: LSF System <lsfadmin@hpc.dtu.dk>
Subject: Job 28018692: <adlcv_project2> in cluster <dcc> Exited

Job <adlcv_project2> was submitted from host <n-62-27-22> by user <s224225> in cluster <dcc> at Tue Mar 10 16:51:51 2026
Job was executed on host(s) <4*n-62-18-12>, in queue <gpua100>, as user <s224225> in cluster <dcc> at Tue Mar 10 16:57:31 2026
</zhome/5f/a/186998> was used as the home directory.
</zhome/5f/a/186998/Documents/ADLCV/project2/uge3> was used as the working directory.
Started at Tue Mar 10 16:57:31 2026
Terminated at Tue Mar 10 16:57:37 2026
Results reported at Tue Mar 10 16:57:37 2026

Your job looked like:

------------------------------------------------------------
# LSBATCH: User input
#!/bin/bash
#BSUB -J adlcv_project2              # Job name
#BSUB -o job_scripts/output.%J.out            # Standard output file (%J = Job ID)
#BSUB -e job_scripts/error.%J.err             # Standard error file
#BSUB -n 4
#BSUB -R "span[hosts=1]"                  # Number of CPU cores
#BSUB -R "rusage[mem=4GB]"       # Memory per core in MB
#BSUB -W 5:00                    # Walltime (HH:MM)
#BSUB -q gpua100                   # Queue name
#BSUB -gpu "num=1:mode=exclusive_process"

source /zhome/5f/a/186998/miniconda3/bin/activate computer_vison

cd ~/Documents/ADLCV/project2/uge2

python null_text_inversion.py


------------------------------------------------------------

Exited with exit code 2.

Resource usage summary:

    CPU time :                                   2.00 sec.
    Max Memory :                                 -
    Average Memory :                             -
    Total Requested Memory :                     16384.00 MB
    Delta Memory :                               -
    Max Swap :                                   -
    Max Processes :                              -
    Max Threads :                                -
    Run time :                                   6 sec.
    Turnaround time :                            346 sec.

The output (if any) is above this job summary.



PS:

Read file <job_scripts/error.28018692.err> for stderr output of this job.

