Model will run on cuda
Dataset shape: (89400, 16, 16, 3)

------------------------------------------------------------
Sender: LSF System <lsfadmin@hpc.dtu.dk>
Subject: Job 27897981: <adlcv_project2> in cluster <dcc> Done

Job <adlcv_project2> was submitted from host <n-62-27-23> by user <s224225> in cluster <dcc> at Tue Feb 24 14:53:17 2026
Job was executed on host(s) <4*n-62-20-13>, in queue <gpuv100>, as user <s224225> in cluster <dcc> at Tue Feb 24 14:53:19 2026
</zhome/5f/a/186998> was used as the home directory.
</zhome/5f/a/186998/Documents/ADLCV/project2/uge1> was used as the working directory.
Started at Tue Feb 24 14:53:19 2026
Terminated at Tue Feb 24 15:12:12 2026
Results reported at Tue Feb 24 15:12:12 2026

Your job looked like:

------------------------------------------------------------
# LSBATCH: User input
#!/bin/bash
#BSUB -J adlcv_project2              # Job name
#BSUB -o job_scripts/output.%J.out            # Standard output file (%J = Job ID)
#BSUB -e job_scripts/error.%J.err             # Standard error file
#BSUB -n 4
#BSUB -R "span[hosts=1]"                  # Number of CPU cores
#BSUB -R "rusage[mem=4GB]"       # Memory per core in MB
#BSUB -W 5:00                    # Walltime (HH:MM)
#BSUB -q gpuv100                   # Queue name
#BSUB -gpu "num=1:mode=exclusive_process"

source /zhome/5f/a/186998/miniconda3/bin/activate computer_vison

cd ~/Documents/ADLCV/project2/uge1

python ddpm_train.py


------------------------------------------------------------

Successfully completed.

Resource usage summary:

    CPU time :                                   1122.00 sec.
    Max Memory :                                 1289 MB
    Average Memory :                             1183.22 MB
    Total Requested Memory :                     16384.00 MB
    Delta Memory :                               15095.00 MB
    Max Swap :                                   -
    Max Processes :                              4
    Max Threads :                                13
    Run time :                                   1133 sec.
    Turnaround time :                            1135 sec.

The output (if any) is above this job summary.



PS:

Read file <job_scripts/error.27897981.err> for stderr output of this job.

